// Jest Snapshot v1, https://goo.gl/fbAQLP

exports[`zip test zip 1`] = `
"

        function func() {
            const num1 = 1;
            const num2 = 2;
            const num3 = /*@__PURE__*/add(1, 2);
            const num4 = add(3, 4);
            console.log(num2);
            return num2;
            console.log(num1);
            function add (aaa, bbb) {
                return aaa + bbb;
            }
        }
        func();
    
    
↓ ↓ ↓ ↓ ↓ ↓

function func() {
  const num1 = 1;
  const num2 = 2;
  add(3, 4);
  console.log(num2);
  return num2;

  function add(aaa, bbb) {
    return aaa + bbb;
  }
}

func();  
"
`;
